
 Start  Stop   Length Name               Class

 00000H 053BFH 053C0H _TEXT              CODE
 053C0H 06967H 015A8H _DATA              DATA
 06968H 0696BH 00004H _EMUSEG            DATA
 0696CH 0696DH 00002H _CRTSEG            DATA
 0696EH 0696FH 00002H _CVTSEG            DATA
 06970H 06975H 00006H _SCNSEG            DATA
 06976H 0AC59H 042E4H _BSS               BSS
 0AC5AH 0AC5AH 00000H _BSSEND            STACK
 0AC60H 0ACDFH 00080H _STACK             STACK

  Address         Publics by Name

 0000:01F8       DGROUP@
 053C:0188       emws_adjust
 053C:018C       emws_BPsafe
 053C:0184       emws_control
 053C:018A       emws_fixSeg
 053C:016E       emws_initialSP
 053C:00AE       emws_limitSP
 053C:017E       emws_nmiVector
 053C:017A       emws_saveVector
 053C:018E       emws_stamp
 053C:0182       emws_status
 053C:0186       emws_TOS
 053C:0192       emws_version
 0000:4B47       LDIV@
 0000:4B50       LMOD@
 0000:4B4B       LUDIV@
 0000:4B55       LUMOD@
 0000:38C8       LXMUL@
 0000:4C02       SCOPY@
 0000:01E2       _abort
 0000:3779       _access
 0000:28C7       _atexit
 0000:45F1       _atoi
 0000:457F       _atol
 053C:01A5       _bak_verify
 0000:2A97       _brk
 0000:15C0       _build_filename
 0000:1661       _build_name
 053C:15B6       _cat
 053C:383C       _catcontents
 053C:15BC       _catfile
 053C:363C       _catpoints
 0000:2061       _catread
 0000:0405       _cat_separator
 0000:45FF       _chdir
 0000:0391       _classify_args
 0000:32BD       _close
 0000:04C9       _confirm
 0000:0608       _copy_file
 0000:14AD       _cyclic_path
 0000:02FC       _datevalid
 053C:159A       _daylight
 053C:15B8       _dest_drive
 0000:0436       _dir_exists
 0000:4E11       _dostounix
 0000:1E06       _dos_close
 0000:1D41       _dos_open
 0000:1D7E       _dos_read
 0000:1DC2       _dos_write
 053C:0088       _environ
 0000:3AFB       _eof
 053C:0094       _errno
 0000:275D       _exit
 0000:1477       _exit_fn
 0000:323D       _fclose
 0000:2CAA       _fdopen
 0000:3B69       _fflush
 0000:3030       _fgetc
 0000:3125       _fgetchar
 053C:01AA       _file_counter
 053C:01AC       _file_found
 0000:46F6       _findfirst
 0000:4718       _findnext
 0000:47BC       _fnsplit
 0000:2C60       _fopen
 0000:3C00       _fputc
 0000:3CEE       _fputchar
 0000:344E       _fread
 0000:3EDE       _free
 0000:2C84       _freopen
 0000:2EE0       _fseek
 0000:241A       _fstrlen
 0000:2F44       _ftell
 0000:359D       _fwrite
 0000:4936       _getcurdir
 0000:4953       _getcwd
 0000:4A61       _getdfree
 0000:4617       _getdisk
 0000:49C9       _getenv
 0000:4A44       _getfat
 0000:4A2A       _getfatd
 0000:4A81       _getftime
 053C:163C       _getlbuf
 053C:15BA       _getlp
 053C:1152       _getlrem
 0000:4AA6       _getverify
 0000:234C       _get_char
 0000:239B       _get_line
 0000:4ABE       _intdos
 0000:4AE2       _intdosx
 0000:3130       _ioctl
 0000:3159       _isatty
 0000:385C       _itoa
 0000:21DD       _kittenclose
 0000:1E27       _kittengets
 0000:1E83       _kittenopen
 053C:1154       _lastcr
 0000:37B2       _lseek
 0000:38A1       _ltoa
 0000:07A1       _main
 0000:14EB       _make_dir
 0000:29CC       _malloc
 0000:3A5C       _memcpy
 0000:3AA5       _memset
 0000:4BEA       _mkdir
 0000:21E4       _mystrtoul
 0000:2D07       _open
 0000:251B       _printf
 0000:1074       _print_help
 0000:2257       _processEscChars
 0000:34C5       _read
 0000:2AA5       _sbrk
 0000:3F05       _scanf
 0000:4C1E       _segread
 0000:4620       _setdisk
 0000:4C33       _setftime
 0000:3A7D       _setmem
 0000:316B       _setvbuf
 0000:4AB2       _setverify
 0000:2534       _sprintf
 0000:4C58       _stat
 0000:3977       _strcat
 0000:39B3       _strchr
 0000:3A07       _strcmp
 0000:3A38       _strcpy
 0000:4D05       _stricmp
 0000:39EA       _strlen
 0000:0234       _strmcat
 0000:01FA       _strmcpy
 0000:4D47       _strncmp
 0000:4D80       _strncpy
 0000:4DAE       _strrchr
 0000:0272       _strtodate
 0000:4DD9       _strupr
 053C:0194       _switch_archive
 053C:019D       _switch_archive_reset
 053C:0195       _switch_confirm
 053C:0196       _switch_continue
 053C:01A6       _switch_date
 053C:0197       _switch_emptydir
 053C:0199       _switch_file
 053C:0198       _switch_fullnames
 053C:019A       _switch_hidden
 053C:019B       _switch_intodir
 053C:019C       _switch_listmode
 053C:019E       _switch_prompt
 053C:019F       _switch_quiet
 053C:01A0       _switch_readonly
 053C:01A1       _switch_subdir
 053C:01A2       _switch_tree
 053C:01A3       _switch_verify
 053C:01A4       _switch_wait
 0000:4DFA       _tell
 053C:1596       _timezone
 0000:3926       _tmpnam
 0000:510C       _toupper
 053C:1592       _tzname
 0000:513D       _tzset
 0000:3885       _ultoa
 0000:5376       _ungetc
 0000:4F32       _unixtodos
 0000:395F       _unlink
 0000:3620       _write
 0000:1966       _xcopy_file
 0000:16E2       _xcopy_files
 053C:0096       __8087
 053C:0084       __argc
 053C:0086       __argv
 053C:123A       __atexitcnt
 053C:583C       __atexittbl
 053C:00A6       __brklvl
 0000:3ABD       __chmod
 0000:32EA       __close
 053C:123C       __ctype
 0000:0000  Abs  __cvtfak
 053C:11D4       __doserrno
 053C:11D6       __dosErrorToSV
 0000:4630       __DOSTIMETOU
 053C:008A       __envLng
 053C:008C       __envseg
 053C:008E       __envSize
 0000:0121       __exit
 053C:1230       __exitbuf
 053C:1232       __exitfopen
 053C:1234       __exitopen
 0000:301D       __fgetc
 053C:14A6       __fmode
 0000:3BE7       __fputc
 0000:3D04       __FPUTN
 0000:0756       __fullpath
 053C:00A2       __heapbase
 053C:1236       __heaplen
 053C:00AA       __heaptop
 053C:0074       __Int0Vector
 053C:0078       __Int4Vector
 053C:007C       __Int5Vector
 053C:0080       __Int6Vector
 0000:2721       __IOERROR
 0000:529C       __ISDST
 053C:1150       __kitten_catalog
 0000:37DD       __LONGTOA
 0000:38E1       __MKNAME
 053C:1578       __monthDay
 053C:14A8       __notUmask
 0000:2E50       __open
 053C:147E       __openfd
 053C:0092       __osmajor
 053C:0093       __osminor
 053C:0090       __psp
 0000:3581       __read
 053C:15AE       __RealCvtVector
 0000:01A5       __restorezero
 0000:3F24       __scanner
 0000:43CB       __scanpop
 0000:43C7       __scanrslt
 0000:43C3       __scantod
 053C:15B0       __ScanTodVector
 0000:43FD       __scantol
 0000:2792       __setargv
 0000:287D       __setenvp
 053C:0098       __StartTime
 053C:14AA       __stdinStarted
 053C:14AC       __stdoutStarted
 053C:1238       __stklen
 053C:133E       __streams
 053C:5882       __tmpnum
 053C:0092       __version
 0000:3733       __write
 0000:330E       __xfclose
 0000:332D       __xfflush
 0000:2A3F       ___brk
 053C:009E       ___brklvl
 053C:5880       ___first
 053C:009C       ___heapbase
 053C:00A0       ___heaptop
 053C:587C       ___last
 0000:28ED       ___pull_free_block
 053C:587E       ___rover
 0000:2A63       ___sbrk

  Address         Publics by Value

 0000:0000  Abs  __cvtfak
 0000:0121       __exit
 0000:01A5       __restorezero
 0000:01E2       _abort
 0000:01F8       DGROUP@
 0000:01FA       _strmcpy
 0000:0234       _strmcat
 0000:0272       _strtodate
 0000:02FC       _datevalid
 0000:0391       _classify_args
 0000:0405       _cat_separator
 0000:0436       _dir_exists
 0000:04C9       _confirm
 0000:0608       _copy_file
 0000:0756       __fullpath
 0000:07A1       _main
 0000:1074       _print_help
 0000:1477       _exit_fn
 0000:14AD       _cyclic_path
 0000:14EB       _make_dir
 0000:15C0       _build_filename
 0000:1661       _build_name
 0000:16E2       _xcopy_files
 0000:1966       _xcopy_file
 0000:1D41       _dos_open
 0000:1D7E       _dos_read
 0000:1DC2       _dos_write
 0000:1E06       _dos_close
 0000:1E27       _kittengets
 0000:1E83       _kittenopen
 0000:2061       _catread
 0000:21DD       _kittenclose
 0000:21E4       _mystrtoul
 0000:2257       _processEscChars
 0000:234C       _get_char
 0000:239B       _get_line
 0000:241A       _fstrlen
 0000:251B       _printf
 0000:2534       _sprintf
 0000:2721       __IOERROR
 0000:275D       _exit
 0000:2792       __setargv
 0000:287D       __setenvp
 0000:28C7       _atexit
 0000:28ED       ___pull_free_block
 0000:29CC       _malloc
 0000:2A3F       ___brk
 0000:2A63       ___sbrk
 0000:2A97       _brk
 0000:2AA5       _sbrk
 0000:2C60       _fopen
 0000:2C84       _freopen
 0000:2CAA       _fdopen
 0000:2D07       _open
 0000:2E50       __open
 0000:2EE0       _fseek
 0000:2F44       _ftell
 0000:301D       __fgetc
 0000:3030       _fgetc
 0000:3125       _fgetchar
 0000:3130       _ioctl
 0000:3159       _isatty
 0000:316B       _setvbuf
 0000:323D       _fclose
 0000:32BD       _close
 0000:32EA       __close
 0000:330E       __xfclose
 0000:332D       __xfflush
 0000:344E       _fread
 0000:34C5       _read
 0000:3581       __read
 0000:359D       _fwrite
 0000:3620       _write
 0000:3733       __write
 0000:3779       _access
 0000:37B2       _lseek
 0000:37DD       __LONGTOA
 0000:385C       _itoa
 0000:3885       _ultoa
 0000:38A1       _ltoa
 0000:38C8       LXMUL@
 0000:38E1       __MKNAME
 0000:3926       _tmpnam
 0000:395F       _unlink
 0000:3977       _strcat
 0000:39B3       _strchr
 0000:39EA       _strlen
 0000:3A07       _strcmp
 0000:3A38       _strcpy
 0000:3A5C       _memcpy
 0000:3A7D       _setmem
 0000:3AA5       _memset
 0000:3ABD       __chmod
 0000:3AFB       _eof
 0000:3B69       _fflush
 0000:3BE7       __fputc
 0000:3C00       _fputc
 0000:3CEE       _fputchar
 0000:3D04       __FPUTN
 0000:3EDE       _free
 0000:3F05       _scanf
 0000:3F24       __scanner
 0000:43C3       __scantod
 0000:43C7       __scanrslt
 0000:43CB       __scanpop
 0000:43FD       __scantol
 0000:457F       _atol
 0000:45F1       _atoi
 0000:45FF       _chdir
 0000:4617       _getdisk
 0000:4620       _setdisk
 0000:4630       __DOSTIMETOU
 0000:46F6       _findfirst
 0000:4718       _findnext
 0000:47BC       _fnsplit
 0000:4936       _getcurdir
 0000:4953       _getcwd
 0000:49C9       _getenv
 0000:4A2A       _getfatd
 0000:4A44       _getfat
 0000:4A61       _getdfree
 0000:4A81       _getftime
 0000:4AA6       _getverify
 0000:4AB2       _setverify
 0000:4ABE       _intdos
 0000:4AE2       _intdosx
 0000:4B47       LDIV@
 0000:4B4B       LUDIV@
 0000:4B50       LMOD@
 0000:4B55       LUMOD@
 0000:4BEA       _mkdir
 0000:4C02       SCOPY@
 0000:4C1E       _segread
 0000:4C33       _setftime
 0000:4C58       _stat
 0000:4D05       _stricmp
 0000:4D47       _strncmp
 0000:4D80       _strncpy
 0000:4DAE       _strrchr
 0000:4DD9       _strupr
 0000:4DFA       _tell
 0000:4E11       _dostounix
 0000:4F32       _unixtodos
 0000:510C       _toupper
 0000:513D       _tzset
 0000:529C       __ISDST
 0000:5376       _ungetc
 053C:0074       __Int0Vector
 053C:0078       __Int4Vector
 053C:007C       __Int5Vector
 053C:0080       __Int6Vector
 053C:0084       __argc
 053C:0086       __argv
 053C:0088       _environ
 053C:008A       __envLng
 053C:008C       __envseg
 053C:008E       __envSize
 053C:0090       __psp
 053C:0092       __version
 053C:0092       __osmajor
 053C:0093       __osminor
 053C:0094       _errno
 053C:0096       __8087
 053C:0098       __StartTime
 053C:009C       ___heapbase
 053C:009E       ___brklvl
 053C:00A0       ___heaptop
 053C:00A2       __heapbase
 053C:00A6       __brklvl
 053C:00AA       __heaptop
 053C:00AE       emws_limitSP
 053C:016E       emws_initialSP
 053C:017A       emws_saveVector
 053C:017E       emws_nmiVector
 053C:0182       emws_status
 053C:0184       emws_control
 053C:0186       emws_TOS
 053C:0188       emws_adjust
 053C:018A       emws_fixSeg
 053C:018C       emws_BPsafe
 053C:018E       emws_stamp
 053C:0192       emws_version
 053C:0194       _switch_archive
 053C:0195       _switch_confirm
 053C:0196       _switch_continue
 053C:0197       _switch_emptydir
 053C:0198       _switch_fullnames
 053C:0199       _switch_file
 053C:019A       _switch_hidden
 053C:019B       _switch_intodir
 053C:019C       _switch_listmode
 053C:019D       _switch_archive_reset
 053C:019E       _switch_prompt
 053C:019F       _switch_quiet
 053C:01A0       _switch_readonly
 053C:01A1       _switch_subdir
 053C:01A2       _switch_tree
 053C:01A3       _switch_verify
 053C:01A4       _switch_wait
 053C:01A5       _bak_verify
 053C:01A6       _switch_date
 053C:01AA       _file_counter
 053C:01AC       _file_found
 053C:1150       __kitten_catalog
 053C:1152       _getlrem
 053C:1154       _lastcr
 053C:11D4       __doserrno
 053C:11D6       __dosErrorToSV
 053C:1230       __exitbuf
 053C:1232       __exitfopen
 053C:1234       __exitopen
 053C:1236       __heaplen
 053C:1238       __stklen
 053C:123A       __atexitcnt
 053C:123C       __ctype
 053C:133E       __streams
 053C:147E       __openfd
 053C:14A6       __fmode
 053C:14A8       __notUmask
 053C:14AA       __stdinStarted
 053C:14AC       __stdoutStarted
 053C:1578       __monthDay
 053C:1592       _tzname
 053C:1596       _timezone
 053C:159A       _daylight
 053C:15AE       __RealCvtVector
 053C:15B0       __ScanTodVector
 053C:15B6       _cat
 053C:15B8       _dest_drive
 053C:15BA       _getlp
 053C:15BC       _catfile
 053C:163C       _getlbuf
 053C:363C       _catpoints
 053C:383C       _catcontents
 053C:583C       __atexittbl
 053C:587C       ___last
 053C:587E       ___rover
 053C:5880       ___first
 053C:5882       __tmpnum

Program entry point at 0000:0000

